C:\Users\171118>cd SI_171118_lab1
The system cannot find the path specified.

C:\Users\171118>cd Downloads\SI_171118_lab1

C:\Users\171118\Downloads\SI_171118_lab1>git add .
fatal: not a git repository (or any of the parent directories): .git

C:\Users\171118\Downloads\SI_171118_lab1>git add .

C:\Users\171118\Downloads\SI_171118_lab1>git commit -m
error: switch `m' requires a value

C:\Users\171118\Downloads\SI_171118_lab1>git commit -programa.cpp
error: unknown switch `r'
usage: git commit [<options>] [--] <pathspec>...

    -q, --quiet           suppress summary after successful commit
    -v, --verbose         show diff in commit message template

Commit message options
    -F, --file <file>     read message from file
    --author <author>     override author for commit
    --date <date>         override date for commit
    -m, --message <message>
                          commit message
    -c, --reedit-message <commit>
                          reuse and edit message from specified commit
    -C, --reuse-message <commit>
                          reuse message from specified commit
    --fixup <commit>      use autosquash formatted message to fixup specified commit
    --squash <commit>     use autosquash formatted message to squash specified commit
    --reset-author        the commit is authored by me now (used with -C/-c/--amend)
    -s, --signoff         add Signed-off-by:
    -t, --template <file>
                          use specified template file
    -e, --edit            force edit of commit
    --cleanup <default>   how to strip spaces and #comments from message
    --status              include status in commit message template
    -S, --gpg-sign[=<key-id>]
                          GPG sign commit

Commit contents options
    -a, --all             commit all changed files
    -i, --include         add specified files to index for commit
    --interactive         interactively add files
    -p, --patch           interactively add changes
    -o, --only            commit only specified files
    -n, --no-verify       bypass pre-commit and commit-msg hooks
    --dry-run             show what would be committed
    --short               show status concisely
    --branch              show branch information
    --ahead-behind        compute full ahead/behind values
    --porcelain           machine-readable output
    --long                show status in long format (default)
    -z, --null            terminate entries with NUL
    --amend               amend previous commit
    --no-post-rewrite     bypass post-rewrite hook
    -u, --untracked-files[=<mode>]
                          show untracked files, optional modes: all, normal, no. (Default: all)


C:\Users\171118\Downloads\SI_171118_lab1>git commit -m
error: switch `m' requires a value

C:\Users\171118\Downloads\SI_171118_lab1>git commit -programa
error: unknown switch `r'
usage: git commit [<options>] [--] <pathspec>...

    -q, --quiet           suppress summary after successful commit
    -v, --verbose         show diff in commit message template

Commit message options
    -F, --file <file>     read message from file
    --author <author>     override author for commit
    --date <date>         override date for commit
    -m, --message <message>
                          commit message
    -c, --reedit-message <commit>
                          reuse and edit message from specified commit
    -C, --reuse-message <commit>
                          reuse message from specified commit
    --fixup <commit>      use autosquash formatted message to fixup specified commit
    --squash <commit>     use autosquash formatted message to squash specified commit
    --reset-author        the commit is authored by me now (used with -C/-c/--amend)
    -s, --signoff         add Signed-off-by:
    -t, --template <file>
                          use specified template file
    -e, --edit            force edit of commit
    --cleanup <default>   how to strip spaces and #comments from message
    --status              include status in commit message template
    -S, --gpg-sign[=<key-id>]
                          GPG sign commit

Commit contents options
    -a, --all             commit all changed files
    -i, --include         add specified files to index for commit
    --interactive         interactively add files
    -p, --patch           interactively add changes
    -o, --only            commit only specified files
    -n, --no-verify       bypass pre-commit and commit-msg hooks
    --dry-run             show what would be committed
    --short               show status concisely
    --branch              show branch information
    --ahead-behind        compute full ahead/behind values
    --porcelain           machine-readable output
    --long                show status in long format (default)
    -z, --null            terminate entries with NUL
    --amend               amend previous commit
    --no-post-rewrite     bypass post-rewrite hook
    -u, --untracked-files[=<mode>]
                          show untracked files, optional modes: all, normal, no. (Default: all)


C:\Users\171118\Downloads\SI_171118_lab1>git commit -o
fatal: No paths with --include/--only does not make sense.

C:\Users\171118\Downloads\SI_171118_lab1>git commit -message <Initial commit>
The syntax of the command is incorrect.

C:\Users\171118\Downloads\SI_171118_lab1>git commit --message<Initial commit>
The syntax of the command is incorrect.

C:\Users\171118\Downloads\SI_171118_lab1> git commit --message <Initial commit>
The syntax of the command is incorrect.

C:\Users\171118\Downloads\SI_171118_lab1>git commit -m, --mesage <initial commit>
The syntax of the command is incorrect.

C:\Users\171118\Downloads\SI_171118_lab1>git commit -message <initial commit>
The syntax of the command is incorrect.

C:\Users\171118\Downloads\SI_171118_lab1>cd Downloads\SI_171118_lab1\programa.cpp
The system cannot find the path specified.

C:\Users\171118\Downloads\SI_171118_lab1>cd C:Users\171118\Downloads\SI_171118_lab1
The system cannot find the path specified.

C:\Users\171118\Downloads\SI_171118_lab1>cd programa.cpp
The system cannot find the path specified.

C:\Users\171118\Downloads\SI_171118_lab1>mkdir project

C:\Users\171118\Downloads\SI_171118_lab1>         b. git init
'b.' is not recognized as an internal or external command,
operable program or batch file.

C:\Users\171118\Downloads\SI_171118_lab1>         c. git add .
'c.' is not recognized as an internal or external command,
operable program or batch file.

C:\Users\171118\Downloads\SI_171118_lab1> cd SI_171118_lab1\programa.cpp
The system cannot find the path specified.

C:\Users\171118\Downloads\SI_171118_lab1>git status
On branch master

No commits yet

Untracked files:
  (use "git add <file>..." to include in what will be committed)

        program.cpp

nothing added to commit but untracked files present (use "git add" to track)

C:\Users\171118\Downloads\SI_171118_lab1>git add <programa.cpp>
The syntax of the command is incorrect.

C:\Users\171118\Downloads\SI_171118_lab1>git add programa.cpp
fatal: pathspec 'programa.cpp' did not match any files

C:\Users\171118\Downloads\SI_171118_lab1>git add program.cpp

C:\Users\171118\Downloads\SI_171118_lab1>git push origin bugFix1
error: src refspec bugFix1 does not match any.
error: failed to push some refs to 'origin'

C:\Users\171118\Downloads\SI_171118_lab1>git pull
There is no tracking information for the current branch.
Please specify which branch you want to merge with.
See git-pull(1) for details.

    git pull <remote> <branch>

If you wish to set tracking information for this branch you can do so with:

    git branch --set-upstream-to=<remote>/<branch> master


C:\Users\171118\Downloads\SI_171118_lab1>git checkout -b [bugFix1]
fatal: '[bugFix1]' is not a valid branch name.

C:\Users\171118\Downloads\SI_171118_lab1>git checkout -b bugFix1
Switched to a new branch 'bugFix1'

C:\Users\171118\Downloads\SI_171118_lab1>git pull
There is no tracking information for the current branch.
Please specify which branch you want to merge with.
See git-pull(1) for details.

    git pull <remote> <branch>

If you wish to set tracking information for this branch you can do so with:

    git branch --set-upstream-to=<remote>/<branch> bugFix1


C:\Users\171118\Downloads\SI_171118_lab1>git branch <bugFix2>
The syntax of the command is incorrect.

C:\Users\171118\Downloads\SI_171118_lab1>git branch bugFix2
fatal: Not a valid object name: 'bugFix1'.

C:\Users\171118\Downloads\SI_171118_lab1>git checkout -bugFix1
Switched to a new branch 'ugFix1'

C:\Users\171118\Downloads\SI_171118_lab1>git pull
There is no tracking information for the current branch.
Please specify which branch you want to merge with.
See git-pull(1) for details.

    git pull <remote> <branch>

If you wish to set tracking information for this branch you can do so with:

    git branch --set-upstream-to=<remote>/<branch> ugFix1


C:\Users\171118\Downloads\SI_171118_lab1>git checkout bugFix2
error: pathspec 'bugFix2' did not match any file(s) known to git

C:\Users\171118\Downloads\SI_171118_lab1>git push origin bugFix1
error: src refspec bugFix1 does not match any.
error: failed to push some refs to 'origin'

C:\Users\171118\Downloads\SI_171118_lab1>git push ilievat bugFix1
error: src refspec bugFix1 does not match any.
error: failed to push some refs to 'ilievat'

C:\Users\171118\Downloads\SI_171118_lab1>git push program.cpp bugFix1
error: src refspec bugFix1 does not match any.
error: failed to push some refs to 'program.cpp'

C:\Users\171118\Downloads\SI_171118_lab1>
